
  .   ____          _            __ _ _
 /\\ / ___'_ __ _ _(_)_ __  __ _ \ \ \ \
( ( )\___ | '_ | '_| | '_ \/ _` | \ \ \ \
 \\/  ___)| |_)| | | | | || (_| |  ) ) ) )
  '  |____| .__|_| |_|_| |_\__, | / / / /
 =========|_|==============|___/=/_/_/_/

 :: Spring Boot ::                (v3.4.5)

2026-09-07T07:42:23.892Z  INFO 8485 --- [carddemo] [           main] com.carddemo.CardDemoApplication         : Starting CardDemoApplication using Java 21.0.12 with PID 8485 (/home/ubuntu/repos/ts-cobol-carddemo/backend/target/classes started by ubuntu in /home/ubuntu/repos/ts-cobol-carddemo/backend)
2026-09-07T07:42:23.894Z  INFO 8485 --- [carddemo] [           main] com.carddemo.CardDemoApplication         : The following 1 profile is active: "import"
2026-09-07T07:42:24.262Z  INFO 8485 --- [carddemo] [           main] .s.d.r.c.RepositoryConfigurationDelegate : Bootstrapping Spring Data JPA repositories in DEFAULT mode.
2026-09-07T07:42:24.292Z  INFO 8485 --- [carddemo] [           main] .s.d.r.c.RepositoryConfigurationDelegate : Finished Spring Data repository scanning in 26 ms. Found 4 JPA repository interfaces.
2026-09-07T07:42:24.552Z  INFO 8485 --- [carddemo] [           main] o.s.b.w.embedded.tomcat.TomcatWebServer  : Tomcat initialized with port 8099 (http)
2026-09-07T07:42:24.559Z  INFO 8485 --- [carddemo] [           main] o.apache.catalina.core.StandardService   : Starting service [Tomcat]
2026-09-07T07:42:24.559Z  INFO 8485 --- [carddemo] [           main] o.apache.catalina.core.StandardEngine    : Starting Servlet engine: [Apache Tomcat/10.1.40]
2026-09-07T07:42:24.577Z  INFO 8485 --- [carddemo] [           main] o.a.c.c.C.[Tomcat].[localhost].[/]       : Initializing Spring embedded WebApplicationContext
2026-09-07T07:42:24.578Z  INFO 8485 --- [carddemo] [           main] w.s.c.ServletWebServerApplicationContext : Root WebApplicationContext: initialization completed in 658 ms
2026-09-07T07:42:24.687Z  INFO 8485 --- [carddemo] [           main] com.zaxxer.hikari.HikariDataSource       : HikariPool-1 - Starting...
2026-09-07T07:42:24.774Z  INFO 8485 --- [carddemo] [           main] com.zaxxer.hikari.pool.HikariPool        : HikariPool-1 - Added connection org.postgresql.jdbc.PgConnection@101bdd1c
2026-09-07T07:42:24.775Z  INFO 8485 --- [carddemo] [           main] com.zaxxer.hikari.HikariDataSource       : HikariPool-1 - Start completed.
2026-09-07T07:42:24.789Z  INFO 8485 --- [carddemo] [           main] org.flywaydb.core.FlywayExecutor         : Database: jdbc:postgresql://localhost:5433/carddemo (PostgreSQL 16.15)
2026-09-07T07:42:24.818Z  INFO 8485 --- [carddemo] [           main] o.f.core.internal.command.DbValidate     : Successfully validated 1 migration (execution time 00:00.013s)
2026-09-07T07:42:24.840Z  INFO 8485 --- [carddemo] [           main] o.f.core.internal.command.DbMigrate      : Current version of schema "public": 1
2026-09-07T07:42:24.842Z  INFO 8485 --- [carddemo] [           main] o.f.core.internal.command.DbMigrate      : Schema "public" is up to date. No migration necessary.
2026-09-07T07:42:24.880Z  INFO 8485 --- [carddemo] [           main] o.hibernate.jpa.internal.util.LogHelper  : HHH000204: Processing PersistenceUnitInfo [name: default]
2026-09-07T07:42:24.898Z  INFO 8485 --- [carddemo] [           main] org.hibernate.Version                    : HHH000412: Hibernate ORM core version 6.6.13.Final
2026-09-07T07:42:24.911Z  INFO 8485 --- [carddemo] [           main] o.h.c.internal.RegionFactoryInitiator    : HHH000026: Second-level cache disabled
2026-09-07T07:42:25.020Z  INFO 8485 --- [carddemo] [           main] o.s.o.j.p.SpringPersistenceUnitInfo      : No LoadTimeWeaver setup: ignoring JPA class transformer
2026-09-07T07:42:25.054Z  INFO 8485 --- [carddemo] [           main] org.hibernate.orm.connections.pooling    : HHH10001005: Database info:
	Database JDBC URL [Connecting through datasource 'HikariDataSource (HikariPool-1)']
	Database driver: undefined/unknown
	Database version: 16.15
	Autocommit mode: undefined/unknown
	Isolation level: undefined/unknown
	Minimum pool size: undefined/unknown
	Maximum pool size: undefined/unknown
2026-09-07T07:42:25.446Z  INFO 8485 --- [carddemo] [           main] o.h.e.t.j.p.i.JtaPlatformInitiator       : HHH000489: No JTA platform available (set 'hibernate.transaction.jta.platform' to enable JTA platform integration)
2026-09-07T07:42:25.464Z  INFO 8485 --- [carddemo] [           main] j.LocalContainerEntityManagerFactoryBean : Initialized JPA EntityManagerFactory for persistence unit 'default'
2026-09-07T07:42:25.666Z  WARN 8485 --- [carddemo] [           main] .s.s.UserDetailsServiceAutoConfiguration : 

Using generated security password: 1390dd0d-c0b2-4f4c-8aac-3984a9a024dd

This generated password is for development use only. Your security configuration must be updated before running your application in production.

2026-09-07T07:42:25.669Z  INFO 8485 --- [carddemo] [           main] r$InitializeUserDetailsManagerConfigurer : Global AuthenticationManager configured with UserDetailsService bean with name inMemoryUserDetailsManager
2026-09-07T07:42:25.887Z  INFO 8485 --- [carddemo] [           main] o.s.b.w.embedded.tomcat.TomcatWebServer  : Tomcat started on port 8099 (http) with context path '/'
2026-09-07T07:42:25.891Z  INFO 8485 --- [carddemo] [           main] com.carddemo.CardDemoApplication         : Started CardDemoApplication in 2.204 seconds (process running for 2.337)
2026-09-07T07:42:26.036Z  INFO 8485 --- [carddemo] [           main] com.carddemo.data.ImportRunner           : Import complete: accounts=50 customers=50 card_xrefs=50 users=10
2026-09-07T07:42:26.036Z  INFO 8485 --- [carddemo] [           main] com.carddemo.data.ImportRunner           : Q-10 date gate: 200 values checked, 0 offending
2026-09-07T07:42:35.507Z  INFO 8485 --- [carddemo] [ionShutdownHook] o.s.b.w.e.tomcat.GracefulShutdown        : Commencing graceful shutdown. Waiting for active requests to complete
2026-09-07T07:42:35.510Z  INFO 8485 --- [carddemo] [tomcat-shutdown] o.s.b.w.e.tomcat.GracefulShutdown        : Graceful shutdown complete
2026-09-07T07:42:35.512Z  INFO 8485 --- [carddemo] [ionShutdownHook] j.LocalContainerEntityManagerFactoryBean : Closing JPA EntityManagerFactory for persistence unit 'default'
2026-09-07T07:42:35.513Z  INFO 8485 --- [carddemo] [ionShutdownHook] com.zaxxer.hikari.HikariDataSource       : HikariPool-1 - Shutdown initiated...
2026-09-07T07:42:35.515Z  INFO 8485 --- [carddemo] [ionShutdownHook] com.zaxxer.hikari.HikariDataSource       : HikariPool-1 - Shutdown completed.
