Q-10 gate: rows accounts=50 customers=50 date values checked=200 offenders=[]
07:07:38.613 [main] INFO org.springframework.test.context.support.AnnotationConfigContextLoaderUtils -- Could not detect default configuration classes for test class [com.carddemo.repository.AccountViewRepositoriesIntegrationTest]: AccountViewRepositoriesIntegrationTest does not declare any static, non-private, non-final, nested classes annotated with @Configuration.
07:07:38.645 [main] INFO org.testcontainers.images.PullPolicy -- Image pull policy will be performed by: DefaultPullPolicy()
07:07:38.646 [main] INFO org.testcontainers.utility.ImageNameSubstitutor -- Image name substitution will be performed by: DefaultImageNameSubstitutor (composite of 'ConfigurationFileImageNameSubstitutor' and 'PrefixingImageNameSubstitutor')
07:07:38.664 [main] INFO org.testcontainers.DockerClientFactory -- Testcontainers version: 1.20.6
07:07:38.782 [main] INFO org.testcontainers.dockerclient.DockerClientProviderStrategy -- Loaded org.testcontainers.dockerclient.UnixSocketClientProviderStrategy from ~/.testcontainers.properties, will try it first
07:07:38.904 [main] INFO org.testcontainers.dockerclient.DockerClientProviderStrategy -- Found Docker environment with local Unix socket (unix:///var/run/docker.sock)
07:07:38.905 [main] INFO org.testcontainers.DockerClientFactory -- Docker host IP address is localhost
07:07:38.914 [main] INFO org.testcontainers.DockerClientFactory -- Connected to docker: 
  Server Version: 27.4.1
  API Version: 1.47
  Operating System: Ubuntu 22.04.5 LTS
  Total Memory: 32108 MB
07:07:38.934 [main] INFO tc.testcontainers/ryuk:0.11.0 -- Creating container for image: testcontainers/ryuk:0.11.0
07:07:39.000 [main] INFO tc.testcontainers/ryuk:0.11.0 -- Container testcontainers/ryuk:0.11.0 is starting: bf6c772f206be99f7df5b26070ee469057123fecd2f592adbf5253d46509f540
07:07:39.199 [main] INFO tc.testcontainers/ryuk:0.11.0 -- Container testcontainers/ryuk:0.11.0 started in PT0.264625309S
07:07:39.202 [main] INFO org.testcontainers.utility.RyukResourceReaper -- Ryuk started - will monitor and terminate Testcontainers containers on JVM exit
07:07:39.203 [main] INFO org.testcontainers.DockerClientFactory -- Checking the system...
07:07:39.203 [main] INFO org.testcontainers.DockerClientFactory -- ✔︎ Docker server version should be at least 1.6.0
07:07:39.262 [main] INFO org.springframework.boot.test.context.SpringBootTestContextBootstrapper -- Found @SpringBootConfiguration com.carddemo.CardDemoApplication for test class com.carddemo.repository.AccountViewRepositoriesIntegrationTest
07:07:39.305 [main] INFO tc.postgres:16 -- Creating container for image: postgres:16
07:07:39.321 [main] INFO tc.postgres:16 -- Container postgres:16 is starting: 5aadb34f6f9ec4c2ce81843e1a9b7312f2d48d20b8727a34739005fc8cbaeda4
07:07:40.094 [main] INFO tc.postgres:16 -- Container postgres:16 started in PT0.789092802S
07:07:40.095 [main] INFO tc.postgres:16 -- Container is started (JDBC URL: jdbc:postgresql://localhost:32771/test?loggerLevel=OFF)

  .   ____          _            __ _ _
 /\\ / ___'_ __ _ _(_)_ __  __ _ \ \ \ \
( ( )\___ | '_ | '_| | '_ \/ _` | \ \ \ \
 \\/  ___)| |_)| | | | | || (_| |  ) ) ) )
  '  |____| .__|_| |_|_| |_\__, | / / / /
 =========|_|==============|___/=/_/_/_/

 :: Spring Boot ::                (v3.4.5)

2026-09-07T07:07:40.238Z  INFO 9428 --- [carddemo] [           main] r.AccountViewRepositoriesIntegrationTest : Starting AccountViewRepositoriesIntegrationTest using Java 21.0.12 with PID 9428 (started by ubuntu in /home/ubuntu/repos/ts-cobol-carddemo/backend)
2026-09-07T07:07:40.239Z  INFO 9428 --- [carddemo] [           main] r.AccountViewRepositoriesIntegrationTest : No active profile set, falling back to 1 default profile: "default"
2026-09-07T07:07:40.551Z  INFO 9428 --- [carddemo] [           main] .s.d.r.c.RepositoryConfigurationDelegate : Bootstrapping Spring Data JPA repositories in DEFAULT mode.
2026-09-07T07:07:40.583Z  INFO 9428 --- [carddemo] [           main] .s.d.r.c.RepositoryConfigurationDelegate : Finished Spring Data repository scanning in 27 ms. Found 4 JPA repository interfaces.
2026-09-07T07:07:40.955Z  INFO 9428 --- [carddemo] [           main] org.flywaydb.core.FlywayExecutor         : Database: jdbc:postgresql://localhost:32771/test?loggerLevel=OFF (PostgreSQL 16.15)
2026-09-07T07:07:40.979Z  INFO 9428 --- [carddemo] [           main] o.f.c.i.s.JdbcTableSchemaHistory         : Schema history table "public"."flyway_schema_history" does not exist yet
2026-09-07T07:07:40.981Z  INFO 9428 --- [carddemo] [           main] o.f.core.internal.command.DbValidate     : Successfully validated 2 migrations (execution time 00:00.012s)
2026-09-07T07:07:40.989Z  INFO 9428 --- [carddemo] [           main] o.f.c.i.s.JdbcTableSchemaHistory         : Creating Schema History table "public"."flyway_schema_history" ...
2026-09-07T07:07:41.025Z  INFO 9428 --- [carddemo] [           main] o.f.core.internal.command.DbMigrate      : Current version of schema "public": << Empty Schema >>
2026-09-07T07:07:41.031Z  INFO 9428 --- [carddemo] [           main] o.f.core.internal.command.DbMigrate      : Migrating schema "public" to version "1 - account view schema"
2026-09-07T07:07:41.047Z  INFO 9428 --- [carddemo] [           main] o.f.core.internal.command.DbMigrate      : Migrating schema "public" with repeatable migration "seed test data"
2026-09-07T07:07:41.056Z  INFO 9428 --- [carddemo] [           main] o.f.core.internal.command.DbMigrate      : Successfully applied 2 migrations to schema "public", now at version v1 (execution time 00:00.008s)
2026-09-07T07:07:41.097Z  INFO 9428 --- [carddemo] [           main] o.hibernate.jpa.internal.util.LogHelper  : HHH000204: Processing PersistenceUnitInfo [name: default]
2026-09-07T07:07:41.133Z  INFO 9428 --- [carddemo] [           main] org.hibernate.Version                    : HHH000412: Hibernate ORM core version 6.6.13.Final
2026-09-07T07:07:41.147Z  INFO 9428 --- [carddemo] [           main] o.h.c.internal.RegionFactoryInitiator    : HHH000026: Second-level cache disabled
2026-09-07T07:07:41.265Z  INFO 9428 --- [carddemo] [           main] o.s.o.j.p.SpringPersistenceUnitInfo      : No LoadTimeWeaver setup: ignoring JPA class transformer
2026-09-07T07:07:41.277Z  INFO 9428 --- [carddemo] [           main] com.zaxxer.hikari.HikariDataSource       : HikariPool-1 - Starting...
2026-09-07T07:07:41.290Z  INFO 9428 --- [carddemo] [           main] com.zaxxer.hikari.pool.HikariPool        : HikariPool-1 - Added connection org.postgresql.jdbc.PgConnection@3892802b
2026-09-07T07:07:41.291Z  INFO 9428 --- [carddemo] [           main] com.zaxxer.hikari.HikariDataSource       : HikariPool-1 - Start completed.
2026-09-07T07:07:41.320Z  INFO 9428 --- [carddemo] [           main] org.hibernate.orm.connections.pooling    : HHH10001005: Database info:
	Database JDBC URL [Connecting through datasource 'HikariDataSource (HikariPool-1)']
	Database driver: undefined/unknown
	Database version: 16.15
	Autocommit mode: undefined/unknown
	Isolation level: undefined/unknown
	Minimum pool size: undefined/unknown
	Maximum pool size: undefined/unknown
2026-09-07T07:07:41.742Z  INFO 9428 --- [carddemo] [           main] o.h.e.t.j.p.i.JtaPlatformInitiator       : HHH000489: No JTA platform available (set 'hibernate.transaction.jta.platform' to enable JTA platform integration)
2026-09-07T07:07:41.760Z  INFO 9428 --- [carddemo] [           main] j.LocalContainerEntityManagerFactoryBean : Initialized JPA EntityManagerFactory for persistence unit 'default'
2026-09-07T07:07:41.801Z  WARN 9428 --- [carddemo] [           main] .s.s.UserDetailsServiceAutoConfiguration : 

Using generated security password: 113a8f97-b0bb-46d3-b4d7-3711d145b42f

This generated password is for development use only. Your security configuration must be updated before running your application in production.

2026-09-07T07:07:41.804Z  INFO 9428 --- [carddemo] [           main] r$InitializeUserDetailsManagerConfigurer : Global AuthenticationManager configured with UserDetailsService bean with name inMemoryUserDetailsManager
2026-09-07T07:07:42.209Z  INFO 9428 --- [carddemo] [           main] r.AccountViewRepositoriesIntegrationTest : Started AccountViewRepositoriesIntegrationTest in 2.095 seconds (process running for 4.129)
Mockito is currently self-attaching to enable the inline-mock-maker. This will no longer work in future releases of the JDK. Please add Mockito as an agent to your build what is described in Mockito's documentation: https://javadoc.io/doc/org.mockito/mockito-core/latest/org/mockito/Mockito.html#0.3
OpenJDK 64-Bit Server VM warning: Sharing is only supported for boot loader classes because bootstrap classpath has been appended
WARNING: A Java agent has been loaded dynamically (/home/ubuntu/.m2/repository/net/bytebuddy/byte-buddy-agent/1.15.11/byte-buddy-agent-1.15.11.jar)
WARNING: If a serviceability tool is in use, please run with -XX:+EnableDynamicAgentLoading to hide this warning
WARNING: If a serviceability tool is not in use, please run with -Djdk.instrument.traceUsage for more information
WARNING: Dynamic loading of agents will be disallowed by default in a future release
2026-09-07T07:07:42.878Z  INFO 9428 --- [carddemo] [           main] t.c.s.AnnotationConfigContextLoaderUtils : Could not detect default configuration classes for test class [com.carddemo.H2UnitProfileContextTest]: H2UnitProfileContextTest does not declare any static, non-private, non-final, nested classes annotated with @Configuration.
2026-09-07T07:07:42.885Z  INFO 9428 --- [carddemo] [           main] .b.t.c.SpringBootTestContextBootstrapper : Found @SpringBootConfiguration com.carddemo.CardDemoApplication for test class com.carddemo.H2UnitProfileContextTest

  .   ____          _            __ _ _
 /\\ / ___'_ __ _ _(_)_ __  __ _ \ \ \ \
( ( )\___ | '_ | '_| | '_ \/ _` | \ \ \ \
 \\/  ___)| |_)| | | | | || (_| |  ) ) ) )
  '  |____| .__|_| |_|_| |_\__, | / / / /
 =========|_|==============|___/=/_/_/_/

 :: Spring Boot ::                (v3.4.5)

2026-09-07T07:07:42.900Z  INFO 9428 --- [carddemo] [           main] com.carddemo.H2UnitProfileContextTest    : Starting H2UnitProfileContextTest using Java 21.0.12 with PID 9428 (started by ubuntu in /home/ubuntu/repos/ts-cobol-carddemo/backend)
2026-09-07T07:07:42.900Z  INFO 9428 --- [carddemo] [           main] com.carddemo.H2UnitProfileContextTest    : The following 1 profile is active: "test"
2026-09-07T07:07:42.974Z  INFO 9428 --- [carddemo] [           main] .s.d.r.c.RepositoryConfigurationDelegate : Bootstrapping Spring Data JPA repositories in DEFAULT mode.
2026-09-07T07:07:42.978Z  INFO 9428 --- [carddemo] [           main] .s.d.r.c.RepositoryConfigurationDelegate : Finished Spring Data repository scanning in 3 ms. Found 4 JPA repository interfaces.
2026-09-07T07:07:43.032Z  INFO 9428 --- [carddemo] [           main] com.zaxxer.hikari.HikariDataSource       : HikariPool-2 - Starting...
2026-09-07T07:07:43.131Z  INFO 9428 --- [carddemo] [           main] com.zaxxer.hikari.pool.HikariPool        : HikariPool-2 - Added connection conn0: url=jdbc:h2:mem:carddemo user=SA
2026-09-07T07:07:43.131Z  INFO 9428 --- [carddemo] [           main] com.zaxxer.hikari.HikariDataSource       : HikariPool-2 - Start completed.
2026-09-07T07:07:43.147Z  INFO 9428 --- [carddemo] [           main] org.flywaydb.core.FlywayExecutor         : Database: jdbc:h2:mem:carddemo (H2 2.3)
2026-09-07T07:07:43.150Z  WARN 9428 --- [carddemo] [           main] o.f.c.internal.database.base.Database    : Flyway upgrade recommended: H2 2.3.232 is newer than this version of Flyway and support has not been tested. The latest supported version of H2 is 2.2.224.
2026-09-07T07:07:43.155Z  INFO 9428 --- [carddemo] [           main] o.f.c.i.s.JdbcTableSchemaHistory         : Schema history table "public"."flyway_schema_history" does not exist yet
2026-09-07T07:07:43.156Z  INFO 9428 --- [carddemo] [           main] o.f.core.internal.command.DbValidate     : Successfully validated 2 migrations (execution time 00:00.003s)
2026-09-07T07:07:43.159Z  INFO 9428 --- [carddemo] [           main] o.f.c.i.s.JdbcTableSchemaHistory         : Creating Schema History table "public"."flyway_schema_history" ...
2026-09-07T07:07:43.169Z  INFO 9428 --- [carddemo] [           main] o.f.core.internal.command.DbMigrate      : Current version of schema "public": << Empty Schema >>
2026-09-07T07:07:43.172Z  INFO 9428 --- [carddemo] [           main] o.f.core.internal.command.DbMigrate      : Migrating schema "public" to version "1 - account view schema"
2026-09-07T07:07:43.178Z  INFO 9428 --- [carddemo] [           main] o.f.core.internal.command.DbMigrate      : Migrating schema "public" with repeatable migration "seed test data"
2026-09-07T07:07:43.182Z  INFO 9428 --- [carddemo] [           main] o.f.core.internal.command.DbMigrate      : Successfully applied 2 migrations to schema "public", now at version v1 (execution time 00:00.004s)
2026-09-07T07:07:43.193Z  INFO 9428 --- [carddemo] [           main] o.hibernate.jpa.internal.util.LogHelper  : HHH000204: Processing PersistenceUnitInfo [name: default]
2026-09-07T07:07:43.194Z  INFO 9428 --- [carddemo] [           main] o.h.c.internal.RegionFactoryInitiator    : HHH000026: Second-level cache disabled
2026-09-07T07:07:43.197Z  INFO 9428 --- [carddemo] [           main] o.s.o.j.p.SpringPersistenceUnitInfo      : No LoadTimeWeaver setup: ignoring JPA class transformer
2026-09-07T07:07:43.200Z  INFO 9428 --- [carddemo] [           main] org.hibernate.orm.connections.pooling    : HHH10001005: Database info:
	Database JDBC URL [Connecting through datasource 'HikariDataSource (HikariPool-2)']
	Database driver: undefined/unknown
	Database version: 2.3.232
	Autocommit mode: undefined/unknown
	Isolation level: undefined/unknown
	Minimum pool size: undefined/unknown
	Maximum pool size: undefined/unknown
2026-09-07T07:07:43.232Z  INFO 9428 --- [carddemo] [           main] o.h.e.t.j.p.i.JtaPlatformInitiator       : HHH000489: No JTA platform available (set 'hibernate.transaction.jta.platform' to enable JTA platform integration)
2026-09-07T07:07:43.234Z  INFO 9428 --- [carddemo] [           main] j.LocalContainerEntityManagerFactoryBean : Initialized JPA EntityManagerFactory for persistence unit 'default'
2026-09-07T07:07:43.250Z  WARN 9428 --- [carddemo] [           main] .s.s.UserDetailsServiceAutoConfiguration : 

Using generated security password: cd23d059-d6f9-43ec-ae0e-83dd1e7c0228

This generated password is for development use only. Your security configuration must be updated before running your application in production.

2026-09-07T07:07:43.251Z  INFO 9428 --- [carddemo] [           main] r$InitializeUserDetailsManagerConfigurer : Global AuthenticationManager configured with UserDetailsService bean with name inMemoryUserDetailsManager
2026-09-07T07:07:43.357Z  INFO 9428 --- [carddemo] [           main] o.s.b.t.m.w.SpringBootMockServletContext : Initializing Spring TestDispatcherServlet ''
2026-09-07T07:07:43.357Z  INFO 9428 --- [carddemo] [           main] o.s.t.web.servlet.TestDispatcherServlet  : Initializing Servlet ''
2026-09-07T07:07:43.358Z  INFO 9428 --- [carddemo] [           main] o.s.t.web.servlet.TestDispatcherServlet  : Completed initialization in 1 ms
2026-09-07T07:07:43.364Z  INFO 9428 --- [carddemo] [           main] com.carddemo.H2UnitProfileContextTest    : Started H2UnitProfileContextTest in 0.477 seconds (process running for 5.284)
BACKEND_MVN_EXIT=0
